#-----------------------------------------------------------
# Vivado v2016.4 (64-bit)
# SW Build 1756540 on Mon Jan 23 19:11:19 MST 2017
# IP Build 1755317 on Mon Jan 23 20:30:07 MST 2017
# Start of session at: Mon Jan  4 09:43:48 2021
# Process ID: 32278
# Current directory: /users/tareelou/git_neural
# Command line: vivado
# Log file: /users/tareelou/git_neural/vivado.log
# Journal file: /users/tareelou/git_neural/vivado.jou
#-----------------------------------------------------------
start_gui
open_project /users/tareelou/git_neural/neural_network_simul_SWM/neural_network_simul.xpr
open_project /users/tareelou/neural_network_sfixed/neural_network_sfixed.xpr
current_project neural_network_simul
current_project neural_network_sfixed
# Disabling source management mode.  This is to allow the top design properties to be set without GUI intervention.
set_property source_mgmt_mode None [current_project]
set_property top tree_reduction [current_fileset]
# Re-enabling previously disabled source management mode.
set_property source_mgmt_mode DisplayOnly [current_project]
current_project neural_network_simul
file mkdir /users/tareelou/neural_network_sfixed/neural_network_sfixed.srcs/sim_1/new
current_project neural_network_sfixed
set_property SOURCE_SET sources_1 [get_filesets sim_1]
close [ open /users/tareelou/neural_network_sfixed/neural_network_sfixed.srcs/sim_1/new/neuro_simul.vhd w ]
add_files -fileset sim_1 /users/tareelou/neural_network_sfixed/neural_network_sfixed.srcs/sim_1/new/neuro_simul.vhd
# Disabling source management mode.  This is to allow the top design properties to be set without GUI intervention.
set_property source_mgmt_mode None [current_project]
set_property top tree_reduction [get_filesets sim_1]
set_property top_lib xil_defaultlib [get_filesets sim_1]
# Re-enabling previously disabled source management mode.
set_property source_mgmt_mode DisplayOnly [current_project]
# Disabling source management mode.  This is to allow the top design properties to be set without GUI intervention.
set_property source_mgmt_mode None [current_project]
set_property top neuro_simul [get_filesets sim_1]
set_property top_lib xil_defaultlib [get_filesets sim_1]
# Re-enabling previously disabled source management mode.
set_property source_mgmt_mode DisplayOnly [current_project]
launch_runs synth_1 -jobs 8
wait_on_run synth_1
set_property source_mgmt_mode All [current_project]
current_project neural_network_simul
current_project neural_network_sfixed
launch_simulation
launch_simulation
launch_simulation
source neuro_simul.tcl
close_sim
reset_run synth_1
launch_runs synth_1 -jobs 8
wait_on_run synth_1
# Disabling source management mode.  This is to allow the top design properties to be set without GUI intervention.
set_property source_mgmt_mode None [current_project]
set_property top top_level [current_fileset]
# Re-enabling previously disabled source management mode.
set_property source_mgmt_mode All [current_project]
reset_run synth_1
launch_runs synth_1 -jobs 8
wait_on_run synth_1
launch_simulation
launch_simulation
launch_simulation
launch_simulation
launch_simulation
source neuro_simul.tcl
close_sim
file mkdir /users/tareelou/neural_network_sfixed/neural_network_sfixed.srcs/sources_1/new
close [ open /users/tareelou/neural_network_sfixed/neural_network_sfixed.srcs/sources_1/new/spatial_working_memory.vhd w ]
add_files /users/tareelou/neural_network_sfixed/neural_network_sfixed.srcs/sources_1/new/spatial_working_memory.vhd
current_project neural_network_simul
current_project neural_network_sfixed
reset_run synth_1
launch_runs synth_1 -jobs 8
wait_on_run synth_1
launch_simulation
source neuro_simul.tcl
close_sim
launch_simulation
source neuro_simul.tcl
close_sim
launch_simulation
source neuro_simul.tcl
close_sim
launch_simulation
source neuro_simul.tcl
close_sim
launch_simulation
source neuro_simul.tcl
reset_run synth_1
launch_runs synth_1 -jobs 8
wait_on_run synth_1
close_sim
launch_simulation
launch_simulation
source neuro_simul.tcl
